// Jest Snapshot v1, https://goo.gl/fbAQLP

exports[`Cart row should render corectly 1`] = `null`;
